<?xml version="1.0" encoding="UTF-8"?>
<testsuites>
  <testsuite name="C:\Users\User\LTMS\lt-marketplace-suite\phpunit.xml" tests="96" assertions="166" errors="0" failures="0" skipped="0" time="0.328359">
    <testsuite name="unit" tests="96" assertions="166" errors="0" failures="0" skipped="0" time="0.328359">
      <testsuite name="LTMS\Tests\Unit\AnalyticsManagerTest" file="C:\Users\User\LTMS\lt-marketplace-suite\tests\Unit\AnalyticsManagerTest.php" tests="2" assertions="2" errors="0" failures="0" skipped="0" time="0.113066">
        <testcase name="test_init_is_idempotent" file="C:\Users\User\LTMS\lt-marketplace-suite\tests\Unit\AnalyticsManagerTest.php" line="18" class="LTMS\Tests\Unit\AnalyticsManagerTest" classname="LTMS.Tests.Unit.AnalyticsManagerTest" assertions="1" time="0.110196"/>
        <testcase name="test_no_output_when_gtm_and_ga4_unconfigured" file="C:\Users\User\LTMS\lt-marketplace-suite\tests\Unit\AnalyticsManagerTest.php" line="33" class="LTMS\Tests\Unit\AnalyticsManagerTest" classname="LTMS.Tests.Unit.AnalyticsManagerTest" assertions="1" time="0.002870"/>
      </testsuite>
      <testsuite name="LTMS\Tests\Unit\AutoloaderTest" file="C:\Users\User\LTMS\lt-marketplace-suite\tests\Unit\AutoloaderTest.php" tests="25" assertions="49" errors="0" failures="0" skipped="0" time="0.084868">
        <testsuite name="LTMS\Tests\Unit\AutoloaderTest::test_critical_class_files_exist" tests="18" assertions="18" errors="0" failures="0" skipped="0" time="0.036240">
          <testcase name="test_critical_class_files_exist with data set &quot;Kernel&quot;" file="C:\Users\User\LTMS\lt-marketplace-suite\tests\Unit\AutoloaderTest.php" line="40" class="LTMS\Tests\Unit\AutoloaderTest" classname="LTMS.Tests.Unit.AutoloaderTest" assertions="1" time="0.002942"/>
          <testcase name="test_critical_class_files_exist with data set &quot;Config&quot;" file="C:\Users\User\LTMS\lt-marketplace-suite\tests\Unit\AutoloaderTest.php" line="40" class="LTMS\Tests\Unit\AutoloaderTest" classname="LTMS.Tests.Unit.AutoloaderTest" assertions="1" time="0.001659"/>
          <testcase name="test_critical_class_files_exist with data set &quot;Logger&quot;" file="C:\Users\User\LTMS\lt-marketplace-suite\tests\Unit\AutoloaderTest.php" line="40" class="LTMS\Tests\Unit\AutoloaderTest" classname="LTMS.Tests.Unit.AutoloaderTest" assertions="1" time="0.002351"/>
          <testcase name="test_critical_class_files_exist with data set &quot;Security&quot;" file="C:\Users\User\LTMS\lt-marketplace-suite\tests\Unit\AutoloaderTest.php" line="40" class="LTMS\Tests\Unit\AutoloaderTest" classname="LTMS.Tests.Unit.AutoloaderTest" assertions="1" time="0.002365"/>
          <testcase name="test_critical_class_files_exist with data set &quot;Firewall&quot;" file="C:\Users\User\LTMS\lt-marketplace-suite\tests\Unit\AutoloaderTest.php" line="40" class="LTMS\Tests\Unit\AutoloaderTest" classname="LTMS.Tests.Unit.AutoloaderTest" assertions="1" time="0.001737"/>
          <testcase name="test_critical_class_files_exist with data set &quot;Activator&quot;" file="C:\Users\User\LTMS\lt-marketplace-suite\tests\Unit\AutoloaderTest.php" line="40" class="LTMS\Tests\Unit\AutoloaderTest" classname="LTMS.Tests.Unit.AutoloaderTest" assertions="1" time="0.001587"/>
          <testcase name="test_critical_class_files_exist with data set &quot;Deactivator&quot;" file="C:\Users\User\LTMS\lt-marketplace-suite\tests\Unit\AutoloaderTest.php" line="40" class="LTMS\Tests\Unit\AutoloaderTest" classname="LTMS.Tests.Unit.AutoloaderTest" assertions="1" time="0.001686"/>
          <testcase name="test_critical_class_files_exist with data set &quot;Trait Logger Aware&quot;" file="C:\Users\User\LTMS\lt-marketplace-suite\tests\Unit\AutoloaderTest.php" line="40" class="LTMS\Tests\Unit\AutoloaderTest" classname="LTMS.Tests.Unit.AutoloaderTest" assertions="1" time="0.001999"/>
          <testcase name="test_critical_class_files_exist with data set &quot;Trait Singleton&quot;" file="C:\Users\User\LTMS\lt-marketplace-suite\tests\Unit\AutoloaderTest.php" line="40" class="LTMS\Tests\Unit\AutoloaderTest" classname="LTMS.Tests.Unit.AutoloaderTest" assertions="1" time="0.002413"/>
          <testcase name="test_critical_class_files_exist with data set &quot;Interface API Client&quot;" file="C:\Users\User\LTMS\lt-marketplace-suite\tests\Unit\AutoloaderTest.php" line="40" class="LTMS\Tests\Unit\AutoloaderTest" classname="LTMS.Tests.Unit.AutoloaderTest" assertions="1" time="0.002502"/>
          <testcase name="test_critical_class_files_exist with data set &quot;Interface Tax Strategy&quot;" file="C:\Users\User\LTMS\lt-marketplace-suite\tests\Unit\AutoloaderTest.php" line="40" class="LTMS\Tests\Unit\AutoloaderTest" classname="LTMS.Tests.Unit.AutoloaderTest" assertions="1" time="0.002356"/>
          <testcase name="test_critical_class_files_exist with data set &quot;Admin&quot;" file="C:\Users\User\LTMS\lt-marketplace-suite\tests\Unit\AutoloaderTest.php" line="40" class="LTMS\Tests\Unit\AutoloaderTest" classname="LTMS.Tests.Unit.AutoloaderTest" assertions="1" time="0.001663"/>
          <testcase name="test_critical_class_files_exist with data set &quot;Roles&quot;" file="C:\Users\User\LTMS\lt-marketplace-suite\tests\Unit\AutoloaderTest.php" line="40" class="LTMS\Tests\Unit\AutoloaderTest" classname="LTMS.Tests.Unit.AutoloaderTest" assertions="1" time="0.001446"/>
          <testcase name="test_critical_class_files_exist with data set &quot;Wallet&quot;" file="C:\Users\User\LTMS\lt-marketplace-suite\tests\Unit\AutoloaderTest.php" line="40" class="LTMS\Tests\Unit\AutoloaderTest" classname="LTMS.Tests.Unit.AutoloaderTest" assertions="1" time="0.001309"/>
          <testcase name="test_critical_class_files_exist with data set &quot;Tax Engine&quot;" file="C:\Users\User\LTMS\lt-marketplace-suite\tests\Unit\AutoloaderTest.php" line="40" class="LTMS\Tests\Unit\AutoloaderTest" classname="LTMS.Tests.Unit.AutoloaderTest" assertions="1" time="0.001342"/>
          <testcase name="test_critical_class_files_exist with data set &quot;Referral Tree&quot;" file="C:\Users\User\LTMS\lt-marketplace-suite\tests\Unit\AutoloaderTest.php" line="40" class="LTMS\Tests\Unit\AutoloaderTest" classname="LTMS.Tests.Unit.AutoloaderTest" assertions="1" time="0.002114"/>
          <testcase name="test_critical_class_files_exist with data set &quot;Dashboard Logic&quot;" file="C:\Users\User\LTMS\lt-marketplace-suite\tests\Unit\AutoloaderTest.php" line="40" class="LTMS\Tests\Unit\AutoloaderTest" classname="LTMS.Tests.Unit.AutoloaderTest" assertions="1" time="0.002952"/>
          <testcase name="test_critical_class_files_exist with data set &quot;Public Auth Handler&quot;" file="C:\Users\User\LTMS\lt-marketplace-suite\tests\Unit\AutoloaderTest.php" line="40" class="LTMS\Tests\Unit\AutoloaderTest" classname="LTMS.Tests.Unit.AutoloaderTest" assertions="1" time="0.001817"/>
        </testsuite>
        <testcase name="test_autoloader_function_exists" file="C:\Users\User\LTMS\lt-marketplace-suite\tests\Unit\AutoloaderTest.php" line="87" class="LTMS\Tests\Unit\AutoloaderTest" classname="LTMS.Tests.Unit.AutoloaderTest" assertions="1" time="0.001401"/>
        <testcase name="test_autoloader_registers_spl_handler" file="C:\Users\User\LTMS\lt-marketplace-suite\tests\Unit\AutoloaderTest.php" line="100" class="LTMS\Tests\Unit\AutoloaderTest" classname="LTMS.Tests.Unit.AutoloaderTest" assertions="2" time="0.006712"/>
        <testcase name="test_autoloader_resolves_two_part_classes" file="C:\Users\User\LTMS\lt-marketplace-suite\tests\Unit\AutoloaderTest.php" line="129" class="LTMS\Tests\Unit\AutoloaderTest" classname="LTMS.Tests.Unit.AutoloaderTest" assertions="7" time="0.025482"/>
        <testcase name="test_autoloader_resolves_exception_map_classes" file="C:\Users\User\LTMS\lt-marketplace-suite\tests\Unit\AutoloaderTest.php" line="160" class="LTMS\Tests\Unit\AutoloaderTest" classname="LTMS.Tests.Unit.AutoloaderTest" assertions="7" time="0.008328"/>
        <testcase name="test_plugin_constants_defined" file="C:\Users\User\LTMS\lt-marketplace-suite\tests\Unit\AutoloaderTest.php" line="195" class="LTMS\Tests\Unit\AutoloaderTest" classname="LTMS.Tests.Unit.AutoloaderTest" assertions="12" time="0.001558"/>
        <testcase name="test_plugin_version_is_valid_semver" file="C:\Users\User\LTMS\lt-marketplace-suite\tests\Unit\AutoloaderTest.php" line="228" class="LTMS\Tests\Unit\AutoloaderTest" classname="LTMS.Tests.Unit.AutoloaderTest" assertions="1" time="0.002883"/>
        <testcase name="test_includes_dir_exists" file="C:\Users\User\LTMS\lt-marketplace-suite\tests\Unit\AutoloaderTest.php" line="243" class="LTMS\Tests\Unit\AutoloaderTest" classname="LTMS.Tests.Unit.AutoloaderTest" assertions="1" time="0.002264"/>
      </testsuite>
      <testsuite name="LTMS\Tests\Unit\BookingManagerTest" file="C:\Users\User\LTMS\lt-marketplace-suite\tests\Unit\BookingManagerTest.php" tests="3" assertions="4" errors="0" failures="0" skipped="0" time="0.012626">
        <testcase name="test_is_available_returns_false_when_slot_fully_booked" file="C:\Users\User\LTMS\lt-marketplace-suite\tests\Unit\BookingManagerTest.php" line="18" class="LTMS\Tests\Unit\BookingManagerTest" classname="LTMS.Tests.Unit.BookingManagerTest" assertions="1" time="0.001358"/>
        <testcase name="test_cancel_returns_wp_error_for_unknown_booking" file="C:\Users\User\LTMS\lt-marketplace-suite\tests\Unit\BookingManagerTest.php" line="23" class="LTMS\Tests\Unit\BookingManagerTest" classname="LTMS.Tests.Unit.BookingManagerTest" assertions="2" time="0.009872"/>
        <testcase name="test_cleanup_pending_bookings_does_not_throw" file="C:\Users\User\LTMS\lt-marketplace-suite\tests\Unit\BookingManagerTest.php" line="35" class="LTMS\Tests\Unit\BookingManagerTest" classname="LTMS.Tests.Unit.BookingManagerTest" assertions="1" time="0.001396"/>
      </testsuite>
      <testsuite name="LTMS\Tests\Unit\BookingPolicyTest" file="C:\Users\User\LTMS\lt-marketplace-suite\tests\Unit\BookingPolicyTest.php" tests="2" assertions="2" errors="0" failures="0" skipped="0" time="0.002723">
        <testcase name="test_calculate_refund_full_when_inside_free_window" file="C:\Users\User\LTMS\lt-marketplace-suite\tests\Unit\BookingPolicyTest.php" line="28" class="LTMS\Tests\Unit\BookingPolicyTest" classname="LTMS.Tests.Unit.BookingPolicyTest" assertions="1" time="0.002102"/>
        <testcase name="test_zero_refund_outside_all_windows" file="C:\Users\User\LTMS\lt-marketplace-suite\tests\Unit\BookingPolicyTest.php" line="49" class="LTMS\Tests\Unit\BookingPolicyTest" classname="LTMS.Tests.Unit.BookingPolicyTest" assertions="1" time="0.000621"/>
      </testsuite>
      <testsuite name="LTMS\Tests\Unit\GeoDetectorTest" file="C:\Users\User\LTMS\lt-marketplace-suite\tests\Unit\GeoDetectorTest.php" tests="4" assertions="8" errors="0" failures="0" skipped="0" time="0.014107">
        <testcase name="test_get_available_cities_returns_array" file="C:\Users\User\LTMS\lt-marketplace-suite\tests\Unit\GeoDetectorTest.php" line="23" class="LTMS\Tests\Unit\GeoDetectorTest" classname="LTMS.Tests.Unit.GeoDetectorTest" assertions="2" time="0.007266"/>
        <testcase name="test_get_available_cities_includes_colombia" file="C:\Users\User\LTMS\lt-marketplace-suite\tests\Unit\GeoDetectorTest.php" line="38" class="LTMS\Tests\Unit\GeoDetectorTest" classname="LTMS.Tests.Unit.GeoDetectorTest" assertions="2" time="0.004150"/>
        <testcase name="test_get_current_city_returns_string" file="C:\Users\User\LTMS\lt-marketplace-suite\tests\Unit\GeoDetectorTest.php" line="55" class="LTMS\Tests\Unit\GeoDetectorTest" classname="LTMS.Tests.Unit.GeoDetectorTest" assertions="1" time="0.001351"/>
        <testcase name="test_colombia_cities_include_main_cities" file="C:\Users\User\LTMS\lt-marketplace-suite\tests\Unit\GeoDetectorTest.php" line="67" class="LTMS\Tests\Unit\GeoDetectorTest" classname="LTMS.Tests.Unit.GeoDetectorTest" assertions="3" time="0.001340"/>
      </testsuite>
      <testsuite name="LTMS\Tests\Unit\SeasonManagerTest" file="C:\Users\User\LTMS\lt-marketplace-suite\tests\Unit\SeasonManagerTest.php" tests="3" assertions="3" errors="0" failures="0" skipped="0" time="0.006392">
        <testcase name="test_apply_season_modifier_calls_filter" file="C:\Users\User\LTMS\lt-marketplace-suite\tests\Unit\SeasonManagerTest.php" line="22" class="LTMS\Tests\Unit\SeasonManagerTest" classname="LTMS.Tests.Unit.SeasonManagerTest" assertions="1" time="0.001305"/>
        <testcase name="test_calculate_total_returns_base_when_no_rules" file="C:\Users\User\LTMS\lt-marketplace-suite\tests\Unit\SeasonManagerTest.php" line="28" class="LTMS\Tests\Unit\SeasonManagerTest" classname="LTMS.Tests.Unit.SeasonManagerTest" assertions="1" time="0.003735"/>
        <testcase name="test_modifier_defaults_to_1_when_no_rule_found" file="C:\Users\User\LTMS\lt-marketplace-suite\tests\Unit\SeasonManagerTest.php" line="37" class="LTMS\Tests\Unit\SeasonManagerTest" classname="LTMS.Tests.Unit.SeasonManagerTest" assertions="1" time="0.001352"/>
      </testsuite>
      <testsuite name="LTMS\Tests\Unit\SeoManagerTest" file="C:\Users\User\LTMS\lt-marketplace-suite\tests\Unit\SeoManagerTest.php" tests="1" assertions="1" errors="0" failures="0" skipped="0" time="0.001309">
        <testcase name="test_inject_search_console_outputs_nothing_when_unconfigured" file="C:\Users\User\LTMS\lt-marketplace-suite\tests\Unit\SeoManagerTest.php" line="19" class="LTMS\Tests\Unit\SeoManagerTest" classname="LTMS.Tests.Unit.SeoManagerTest" assertions="1" time="0.001309"/>
      </testsuite>
      <testsuite name="LTMS\Tests\Unit\ShippingModeTest" file="C:\Users\User\LTMS\lt-marketplace-suite\tests\Unit\ShippingModeTest.php" tests="1" assertions="1" errors="0" failures="0" skipped="0" time="0.001291">
        <testcase name="test_quoted_mode_returns_early" file="C:\Users\User\LTMS\lt-marketplace-suite\tests\Unit\ShippingModeTest.php" line="19" class="LTMS\Tests\Unit\ShippingModeTest" classname="LTMS.Tests.Unit.ShippingModeTest" assertions="1" time="0.001291"/>
      </testsuite>
      <testsuite name="LTMS\Tests\Unit\TaxEngineColombiaTest" file="C:\Users\User\LTMS\lt-marketplace-suite\tests\Unit\TaxEngineColombiaTest.php" tests="13" assertions="23" errors="0" failures="0" skipped="0" time="0.017727">
        <testsuite name="LTMS\Tests\Unit\TaxEngineColombiaTest::test_retefuente_honorarios" tests="4" assertions="4" errors="0" failures="0" skipped="0" time="0.005158">
          <testcase name="test_retefuente_honorarios with data set &quot;base 1M COP&quot;" file="C:\Users\User\LTMS\lt-marketplace-suite\tests\Unit\TaxEngineColombiaTest.php" line="53" class="LTMS\Tests\Unit\TaxEngineColombiaTest" classname="LTMS.Tests.Unit.TaxEngineColombiaTest" assertions="1" time="0.001295"/>
          <testcase name="test_retefuente_honorarios with data set &quot;base 500K COP&quot;" file="C:\Users\User\LTMS\lt-marketplace-suite\tests\Unit\TaxEngineColombiaTest.php" line="53" class="LTMS\Tests\Unit\TaxEngineColombiaTest" classname="LTMS.Tests.Unit.TaxEngineColombiaTest" assertions="1" time="0.001329"/>
          <testcase name="test_retefuente_honorarios with data set &quot;base 5M COP&quot;" file="C:\Users\User\LTMS\lt-marketplace-suite\tests\Unit\TaxEngineColombiaTest.php" line="53" class="LTMS\Tests\Unit\TaxEngineColombiaTest" classname="LTMS.Tests.Unit.TaxEngineColombiaTest" assertions="1" time="0.001250"/>
          <testcase name="test_retefuente_honorarios with data set &quot;base 100K COP&quot;" file="C:\Users\User\LTMS\lt-marketplace-suite\tests\Unit\TaxEngineColombiaTest.php" line="53" class="LTMS\Tests\Unit\TaxEngineColombiaTest" classname="LTMS.Tests.Unit.TaxEngineColombiaTest" assertions="1" time="0.001284"/>
        </testsuite>
        <testsuite name="LTMS\Tests\Unit\TaxEngineColombiaTest::test_retefuente_compras" tests="2" assertions="2" errors="0" failures="0" skipped="0" time="0.003231">
          <testcase name="test_retefuente_compras with data set &quot;base 1M&quot;" file="C:\Users\User\LTMS\lt-marketplace-suite\tests\Unit\TaxEngineColombiaTest.php" line="85" class="LTMS\Tests\Unit\TaxEngineColombiaTest" classname="LTMS.Tests.Unit.TaxEngineColombiaTest" assertions="1" time="0.001529"/>
          <testcase name="test_retefuente_compras with data set &quot;base 2M&quot;" file="C:\Users\User\LTMS\lt-marketplace-suite\tests\Unit\TaxEngineColombiaTest.php" line="85" class="LTMS\Tests\Unit\TaxEngineColombiaTest" classname="LTMS.Tests.Unit.TaxEngineColombiaTest" assertions="1" time="0.001702"/>
        </testsuite>
        <testsuite name="LTMS\Tests\Unit\TaxEngineColombiaTest::test_reteiva_calculation" tests="3" assertions="3" errors="0" failures="0" skipped="0" time="0.004006">
          <testcase name="test_reteiva_calculation with data set &quot;base 1M&quot;" file="C:\Users\User\LTMS\lt-marketplace-suite\tests\Unit\TaxEngineColombiaTest.php" line="113" class="LTMS\Tests\Unit\TaxEngineColombiaTest" classname="LTMS.Tests.Unit.TaxEngineColombiaTest" assertions="1" time="0.001264"/>
          <testcase name="test_reteiva_calculation with data set &quot;base 500K&quot;" file="C:\Users\User\LTMS\lt-marketplace-suite\tests\Unit\TaxEngineColombiaTest.php" line="113" class="LTMS\Tests\Unit\TaxEngineColombiaTest" classname="LTMS.Tests.Unit.TaxEngineColombiaTest" assertions="1" time="0.001379"/>
          <testcase name="test_reteiva_calculation with data set &quot;base 10M&quot;" file="C:\Users\User\LTMS\lt-marketplace-suite\tests\Unit\TaxEngineColombiaTest.php" line="113" class="LTMS\Tests\Unit\TaxEngineColombiaTest" classname="LTMS.Tests.Unit.TaxEngineColombiaTest" assertions="1" time="0.001362"/>
        </testsuite>
        <testsuite name="LTMS\Tests\Unit\TaxEngineColombiaTest::test_reteica_by_ciiu" tests="3" assertions="3" errors="0" failures="0" skipped="0" time="0.003868">
          <testcase name="test_reteica_by_ciiu with data set &quot;comercio 1M&quot;" file="C:\Users\User\LTMS\lt-marketplace-suite\tests\Unit\TaxEngineColombiaTest.php" line="148" class="LTMS\Tests\Unit\TaxEngineColombiaTest" classname="LTMS.Tests.Unit.TaxEngineColombiaTest" assertions="1" time="0.001189"/>
          <testcase name="test_reteica_by_ciiu with data set &quot;software 1M&quot;" file="C:\Users\User\LTMS\lt-marketplace-suite\tests\Unit\TaxEngineColombiaTest.php" line="148" class="LTMS\Tests\Unit\TaxEngineColombiaTest" classname="LTMS.Tests.Unit.TaxEngineColombiaTest" assertions="1" time="0.001234"/>
          <testcase name="test_reteica_by_ciiu with data set &quot;construccion 1M&quot;" file="C:\Users\User\LTMS\lt-marketplace-suite\tests\Unit\TaxEngineColombiaTest.php" line="148" class="LTMS\Tests\Unit\TaxEngineColombiaTest" classname="LTMS.Tests.Unit.TaxEngineColombiaTest" assertions="1" time="0.001445"/>
        </testsuite>
        <testcase name="test_total_retenciones_vendor_servicios" file="C:\Users\User\LTMS\lt-marketplace-suite\tests\Unit\TaxEngineColombiaTest.php" line="189" class="LTMS\Tests\Unit\TaxEngineColombiaTest" classname="LTMS.Tests.Unit.TaxEngineColombiaTest" assertions="11" time="0.001465"/>
      </testsuite>
      <testsuite name="LTMS\Tests\Unit\TaxEngineTest" file="C:\Users\User\LTMS\lt-marketplace-suite\tests\Unit\TaxEngineTest.php" tests="17" assertions="41" errors="0" failures="0" skipped="0" time="0.036325">
        <testcase name="test_colombia_rete_fuente_general_services" file="C:\Users\User\LTMS\lt-marketplace-suite\tests\Unit\TaxEngineTest.php" line="87" class="LTMS\Tests\Unit\TaxEngineTest" classname="LTMS.Tests.Unit.TaxEngineTest" assertions="2" time="0.001421"/>
        <testcase name="test_colombia_rete_iva" file="C:\Users\User\LTMS\lt-marketplace-suite\tests\Unit\TaxEngineTest.php" line="103" class="LTMS\Tests\Unit\TaxEngineTest" classname="LTMS.Tests.Unit.TaxEngineTest" assertions="2" time="0.003330"/>
        <testcase name="test_colombia_rete_fuente_below_threshold" file="C:\Users\User\LTMS\lt-marketplace-suite\tests\Unit\TaxEngineTest.php" line="119" class="LTMS\Tests\Unit\TaxEngineTest" classname="LTMS.Tests.Unit.TaxEngineTest" assertions="2" time="0.001808"/>
        <testcase name="test_colombia_returns_expected_structure" file="C:\Users\User\LTMS\lt-marketplace-suite\tests\Unit\TaxEngineTest.php" line="134" class="LTMS\Tests\Unit\TaxEngineTest" classname="LTMS.Tests.Unit.TaxEngineTest" assertions="9" time="0.001854"/>
        <testcase name="test_colombia_vendor_net_never_exceeds_gross" file="C:\Users\User\LTMS\lt-marketplace-suite\tests\Unit\TaxEngineTest.php" line="151" class="LTMS\Tests\Unit\TaxEngineTest" classname="LTMS.Tests.Unit.TaxEngineTest" assertions="2" time="0.007075"/>
        <testcase name="test_colombia_impoconsumo_restaurant" file="C:\Users\User\LTMS\lt-marketplace-suite\tests\Unit\TaxEngineTest.php" line="162" class="LTMS\Tests\Unit\TaxEngineTest" classname="LTMS.Tests.Unit.TaxEngineTest" assertions="2" time="0.001800"/>
        <testcase name="test_mexico_isr_113a_tier1" file="C:\Users\User\LTMS\lt-marketplace-suite\tests\Unit\TaxEngineTest.php" line="181" class="LTMS\Tests\Unit\TaxEngineTest" classname="LTMS.Tests.Unit.TaxEngineTest" assertions="2" time="0.001413"/>
        <testcase name="test_mexico_isr_113a_tier2" file="C:\Users\User\LTMS\lt-marketplace-suite\tests\Unit\TaxEngineTest.php" line="197" class="LTMS\Tests\Unit\TaxEngineTest" classname="LTMS.Tests.Unit.TaxEngineTest" assertions="1" time="0.001806"/>
        <testcase name="test_mexico_isr_113a_tier3" file="C:\Users\User\LTMS\lt-marketplace-suite\tests\Unit\TaxEngineTest.php" line="212" class="LTMS\Tests\Unit\TaxEngineTest" classname="LTMS.Tests.Unit.TaxEngineTest" assertions="1" time="0.001512"/>
        <testcase name="test_mexico_isr_113a_tier4" file="C:\Users\User\LTMS\lt-marketplace-suite\tests\Unit\TaxEngineTest.php" line="227" class="LTMS\Tests\Unit\TaxEngineTest" classname="LTMS.Tests.Unit.TaxEngineTest" assertions="1" time="0.001305"/>
        <testcase name="test_mexico_iva_16_percent" file="C:\Users\User\LTMS\lt-marketplace-suite\tests\Unit\TaxEngineTest.php" line="242" class="LTMS\Tests\Unit\TaxEngineTest" classname="LTMS.Tests.Unit.TaxEngineTest" assertions="2" time="0.001349"/>
        <testcase name="test_mexico_returns_expected_structure" file="C:\Users\User\LTMS\lt-marketplace-suite\tests\Unit\TaxEngineTest.php" line="257" class="LTMS\Tests\Unit\TaxEngineTest" classname="LTMS.Tests.Unit.TaxEngineTest" assertions="7" time="0.001615"/>
        <testcase name="test_mexico_ieps_sugary_drinks" file="C:\Users\User\LTMS\lt-marketplace-suite\tests\Unit\TaxEngineTest.php" line="275" class="LTMS\Tests\Unit\TaxEngineTest" classname="LTMS.Tests.Unit.TaxEngineTest" assertions="1" time="0.001320"/>
        <testcase name="test_unsupported_country_throws_exception" file="C:\Users\User\LTMS\lt-marketplace-suite\tests\Unit\TaxEngineTest.php" line="291" class="LTMS\Tests\Unit\TaxEngineTest" classname="LTMS.Tests.Unit.TaxEngineTest" assertions="1" time="0.004400"/>
        <testcase name="test_zero_gross_returns_zeros" file="C:\Users\User\LTMS\lt-marketplace-suite\tests\Unit\TaxEngineTest.php" line="300" class="LTMS\Tests\Unit\TaxEngineTest" classname="LTMS.Tests.Unit.TaxEngineTest" assertions="2" time="0.001422"/>
        <testcase name="test_colombia_vendor_net_is_non_negative" file="C:\Users\User\LTMS\lt-marketplace-suite\tests\Unit\TaxEngineTest.php" line="310" class="LTMS\Tests\Unit\TaxEngineTest" classname="LTMS.Tests.Unit.TaxEngineTest" assertions="2" time="0.001491"/>
        <testcase name="test_mexico_vendor_net_is_non_negative" file="C:\Users\User\LTMS\lt-marketplace-suite\tests\Unit\TaxEngineTest.php" line="319" class="LTMS\Tests\Unit\TaxEngineTest" classname="LTMS.Tests.Unit.TaxEngineTest" assertions="2" time="0.001402"/>
      </testsuite>
      <testsuite name="LTMS\Tests\Unit\TourismComplianceTest" file="C:\Users\User\LTMS\lt-marketplace-suite\tests\Unit\TourismComplianceTest.php" tests="2" assertions="2" errors="0" failures="0" skipped="0" time="0.006844">
        <testcase name="test_can_publish_when_rnt_not_required" file="C:\Users\User\LTMS\lt-marketplace-suite\tests\Unit\TourismComplianceTest.php" line="18" class="LTMS\Tests\Unit\TourismComplianceTest" classname="LTMS.Tests.Unit.TourismComplianceTest" assertions="1" time="0.005524"/>
        <testcase name="test_check_rnt_expiry_does_not_throw" file="C:\Users\User\LTMS\lt-marketplace-suite\tests\Unit\TourismComplianceTest.php" line="25" class="LTMS\Tests\Unit\TourismComplianceTest" classname="LTMS.Tests.Unit.TourismComplianceTest" assertions="1" time="0.001321"/>
      </testsuite>
      <testsuite name="LTMS\Tests\Unit\WalletTest" file="C:\Users\User\LTMS\lt-marketplace-suite\tests\Unit\WalletTest.php" tests="23" assertions="30" errors="0" failures="0" skipped="0" time="0.031080">
        <testsuite name="LTMS\Tests\Unit\WalletTest::test_available_balance_calculation" tests="5" assertions="5" errors="0" failures="0" skipped="0" time="0.006615">
          <testcase name="test_available_balance_calculation with data set &quot;sin retenciones&quot;" file="C:\Users\User\LTMS\lt-marketplace-suite\tests\Unit\WalletTest.php" line="48" class="LTMS\Tests\Unit\WalletTest" classname="LTMS.Tests.Unit.WalletTest" assertions="1" time="0.001353"/>
          <testcase name="test_available_balance_calculation with data set &quot;con retención parcial&quot;" file="C:\Users\User\LTMS\lt-marketplace-suite\tests\Unit\WalletTest.php" line="48" class="LTMS\Tests\Unit\WalletTest" classname="LTMS.Tests.Unit.WalletTest" assertions="1" time="0.001332"/>
          <testcase name="test_available_balance_calculation with data set &quot;todo retenido&quot;" file="C:\Users\User\LTMS\lt-marketplace-suite\tests\Unit\WalletTest.php" line="48" class="LTMS\Tests\Unit\WalletTest" classname="LTMS.Tests.Unit.WalletTest" assertions="1" time="0.001268"/>
          <testcase name="test_available_balance_calculation with data set &quot;balance cero&quot;" file="C:\Users\User\LTMS\lt-marketplace-suite\tests\Unit\WalletTest.php" line="48" class="LTMS\Tests\Unit\WalletTest" classname="LTMS.Tests.Unit.WalletTest" assertions="1" time="0.001303"/>
          <testcase name="test_available_balance_calculation with data set &quot;balance grande&quot;" file="C:\Users\User\LTMS\lt-marketplace-suite\tests\Unit\WalletTest.php" line="48" class="LTMS\Tests\Unit\WalletTest" classname="LTMS.Tests.Unit.WalletTest" assertions="1" time="0.001360"/>
        </testsuite>
        <testcase name="test_debit_exceeding_available_balance_is_rejected" file="C:\Users\User\LTMS\lt-marketplace-suite\tests\Unit\WalletTest.php" line="85" class="LTMS\Tests\Unit\WalletTest" classname="LTMS.Tests.Unit.WalletTest" assertions="1" time="0.002066"/>
        <testcase name="test_debit_within_available_balance_is_accepted" file="C:\Users\User\LTMS\lt-marketplace-suite\tests\Unit\WalletTest.php" line="104" class="LTMS\Tests\Unit\WalletTest" classname="LTMS.Tests.Unit.WalletTest" assertions="2" time="0.001331"/>
        <testsuite name="LTMS\Tests\Unit\WalletTest::test_invalid_transaction_amounts_rejected" tests="3" assertions="3" errors="0" failures="0" skipped="0" time="0.003771">
          <testcase name="test_invalid_transaction_amounts_rejected with data set &quot;cero&quot;" file="C:\Users\User\LTMS\lt-marketplace-suite\tests\Unit\WalletTest.php" line="129" class="LTMS\Tests\Unit\WalletTest" classname="LTMS.Tests.Unit.WalletTest" assertions="1" time="0.001278"/>
          <testcase name="test_invalid_transaction_amounts_rejected with data set &quot;negativo&quot;" file="C:\Users\User\LTMS\lt-marketplace-suite\tests\Unit\WalletTest.php" line="129" class="LTMS\Tests\Unit\WalletTest" classname="LTMS.Tests.Unit.WalletTest" assertions="1" time="0.001234"/>
          <testcase name="test_invalid_transaction_amounts_rejected with data set &quot;muy negativo&quot;" file="C:\Users\User\LTMS\lt-marketplace-suite\tests\Unit\WalletTest.php" line="129" class="LTMS\Tests\Unit\WalletTest" classname="LTMS.Tests.Unit.WalletTest" assertions="1" time="0.001259"/>
        </testsuite>
        <testcase name="test_valid_positive_amount_accepted" file="C:\Users\User\LTMS\lt-marketplace-suite\tests\Unit\WalletTest.php" line="154" class="LTMS\Tests\Unit\WalletTest" classname="LTMS.Tests.Unit.WalletTest" assertions="3" time="0.001246"/>
        <testcase name="test_hold_cannot_exceed_available_balance" file="C:\Users\User\LTMS\lt-marketplace-suite\tests\Unit\WalletTest.php" line="169" class="LTMS\Tests\Unit\WalletTest" classname="LTMS.Tests.Unit.WalletTest" assertions="1" time="0.001240"/>
        <testcase name="test_hold_within_available_balance_is_valid" file="C:\Users\User\LTMS\lt-marketplace-suite\tests\Unit\WalletTest.php" line="190" class="LTMS\Tests\Unit\WalletTest" classname="LTMS.Tests.Unit.WalletTest" assertions="1" time="0.001259"/>
        <testcase name="test_decimal_precision_in_cop" file="C:\Users\User\LTMS\lt-marketplace-suite\tests\Unit\WalletTest.php" line="210" class="LTMS\Tests\Unit\WalletTest" classname="LTMS.Tests.Unit.WalletTest" assertions="1" time="0.001294"/>
        <testsuite name="LTMS\Tests\Unit\WalletTest::test_valid_transaction_types" tests="8" assertions="8" errors="0" failures="0" skipped="0" time="0.011003">
          <testcase name="test_valid_transaction_types with data set &quot;credit&quot;" file="C:\Users\User\LTMS\lt-marketplace-suite\tests\Unit\WalletTest.php" line="237" class="LTMS\Tests\Unit\WalletTest" classname="LTMS.Tests.Unit.WalletTest" assertions="1" time="0.001681"/>
          <testcase name="test_valid_transaction_types with data set &quot;debit&quot;" file="C:\Users\User\LTMS\lt-marketplace-suite\tests\Unit\WalletTest.php" line="237" class="LTMS\Tests\Unit\WalletTest" classname="LTMS.Tests.Unit.WalletTest" assertions="1" time="0.001328"/>
          <testcase name="test_valid_transaction_types with data set &quot;hold&quot;" file="C:\Users\User\LTMS\lt-marketplace-suite\tests\Unit\WalletTest.php" line="237" class="LTMS\Tests\Unit\WalletTest" classname="LTMS.Tests.Unit.WalletTest" assertions="1" time="0.001310"/>
          <testcase name="test_valid_transaction_types with data set &quot;release&quot;" file="C:\Users\User\LTMS\lt-marketplace-suite\tests\Unit\WalletTest.php" line="237" class="LTMS\Tests\Unit\WalletTest" classname="LTMS.Tests.Unit.WalletTest" assertions="1" time="0.001319"/>
          <testcase name="test_valid_transaction_types with data set &quot;commission&quot;" file="C:\Users\User\LTMS\lt-marketplace-suite\tests\Unit\WalletTest.php" line="237" class="LTMS\Tests\Unit\WalletTest" classname="LTMS.Tests.Unit.WalletTest" assertions="1" time="0.001256"/>
          <testcase name="test_valid_transaction_types with data set &quot;payout&quot;" file="C:\Users\User\LTMS\lt-marketplace-suite\tests\Unit\WalletTest.php" line="237" class="LTMS\Tests\Unit\WalletTest" classname="LTMS.Tests.Unit.WalletTest" assertions="1" time="0.001409"/>
          <testcase name="test_valid_transaction_types with data set &quot;refund&quot;" file="C:\Users\User\LTMS\lt-marketplace-suite\tests\Unit\WalletTest.php" line="237" class="LTMS\Tests\Unit\WalletTest" classname="LTMS.Tests.Unit.WalletTest" assertions="1" time="0.001276"/>
          <testcase name="test_valid_transaction_types with data set &quot;adjustment&quot;" file="C:\Users\User\LTMS\lt-marketplace-suite\tests\Unit\WalletTest.php" line="237" class="LTMS\Tests\Unit\WalletTest" classname="LTMS.Tests.Unit.WalletTest" assertions="1" time="0.001424"/>
        </testsuite>
        <testcase name="test_invalid_transaction_type_rejected" file="C:\Users\User\LTMS\lt-marketplace-suite\tests\Unit\WalletTest.php" line="267" class="LTMS\Tests\Unit\WalletTest" classname="LTMS.Tests.Unit.WalletTest" assertions="5" time="0.001256"/>
      </testsuite>
    </testsuite>
  </testsuite>
</testsuites>
